---
http_interactions:
- request:
    method: post
    uri: http://localhost:3000/locomotive/api/v3/tokens.json
    body:
      encoding: UTF-8
      string: email=john%40doe.net&password=asimplepassword
    headers:
      Accept:
      - application/json
      Content-Type:
      - application/x-www-form-urlencoded
      Accept-Encoding:
      - gzip;q=1.0,deflate;q=0.6,identity;q=0.3
      User-Agent:
      - Ruby
  response:
    status:
      code: 401
      message: Unauthorized
    headers:
      Content-Type:
      - application/json
      X-Error-Detail:
      - Invalid email or password.
      Cache-Control:
      - no-cache
      X-Request-Id:
      - 1fcd235f-2fd4-484d-b19b-5f5e55fb7160
      X-Runtime:
      - '0.426809'
      Content-Length:
      - '40'
    body:
      encoding: UTF-8
      string: '{"message":"Invalid email or password."}'
    http_version: 
  recorded_at: Mon, 28 Dec 2015 17:00:21 GMT
- request:
    method: post
    uri: http://localhost:3000/locomotive/api/v3/my_account.json
    body:
      encoding: UTF-8
      string: account%5Bemail%5D=john%40doe.net&account%5Bname%5D=John&account%5Bpassword%5D=asimplepassword
    headers:
      Accept:
      - application/json
      Content-Type:
      - application/x-www-form-urlencoded
      Accept-Encoding:
      - gzip;q=1.0,deflate;q=0.6,identity;q=0.3
      User-Agent:
      - Ruby
  response:
    status:
      code: 201
      message: Created
    headers:
      Content-Type:
      - application/json
      Etag:
      - W/"f66691bbb875d9f3fee56872dd4357c0"
      Cache-Control:
      - max-age=0, private, must-revalidate
      X-Request-Id:
      - a7ad2e2f-02a6-45f9-bebb-2a164d79ef21
      X-Runtime:
      - '0.095295'
      Content-Length:
      - '250'
    body:
      encoding: UTF-8
      string: '{"_id":"56816aa5c36511b945000000","created_at":"2015-12-28T17:00:21Z","updated_at":"2015-12-28T17:00:21Z","name":"John","email":"john@doe.net","locale":"en","api_key":"d9fdc60a37a1400c47062a7570a94d5d4d9429cb","super_admin":false,"local_admin":false}'
    http_version: 
  recorded_at: Mon, 28 Dec 2015 17:00:21 GMT
- request:
    method: post
    uri: http://localhost:3000/locomotive/api/v3/tokens.json
    body:
      encoding: UTF-8
      string: email=admin%40locomotivecms.com&password=locomotive
    headers:
      Accept:
      - application/json
      Content-Type:
      - application/x-www-form-urlencoded
      Accept-Encoding:
      - gzip;q=1.0,deflate;q=0.6,identity;q=0.3
      User-Agent:
      - Ruby
  response:
    status:
      code: 201
      message: Created
    headers:
      Content-Type:
      - application/json
      Etag:
      - W/"e22f41975ebd531e4aed59a4eb6af2c3"
      Cache-Control:
      - max-age=0, private, must-revalidate
      X-Request-Id:
      - 77337468-f122-4993-af3f-80e6d67f2f8a
      X-Runtime:
      - '0.016942'
      Content-Length:
      - '32'
    body:
      encoding: UTF-8
      string: '{"token":"hrYx8TeGaoKr7Sm_5EcB"}'
    http_version: 
  recorded_at: Mon, 28 Dec 2015 17:00:21 GMT
- request:
    method: get
    uri: http://localhost:3000/locomotive/api/v3/my_account.json?auth_token=hrYx8TeGaoKr7Sm_5EcB
    body:
      encoding: US-ASCII
      string: ''
    headers:
      Accept:
      - application/json
      X-Locomotive-Account-Email:
      - admin@locomotivecms.com
      X-Locomotive-Account-Token:
      - hrYx8TeGaoKr7Sm_5EcB
      Accept-Encoding:
      - gzip;q=1.0,deflate;q=0.6,identity;q=0.3
      User-Agent:
      - Ruby
  response:
    status:
      code: 200
      message: OK
    headers:
      Content-Type:
      - application/json
      Etag:
      - W/"c5588acd1b14ead6ab02fac61bb8b0e2"
      Cache-Control:
      - max-age=0, private, must-revalidate
      X-Request-Id:
      - 5acc9861-9676-4f8c-8454-edcc80231c6b
      X-Runtime:
      - '0.033291'
      Content-Length:
      - '261'
    body:
      encoding: UTF-8
      string: '{"_id":"56816a4ec36511b922000000","created_at":"2015-12-28T16:58:54Z","updated_at":"2015-12-28T16:58:54Z","name":"Admin","email":"admin@locomotivecms.com","locale":"en","api_key":"d49cd50f6f0d2b163f48fc73cb249f0244c37074","super_admin":false,"local_admin":true}'
    http_version: 
  recorded_at: Mon, 28 Dec 2015 17:00:21 GMT
- request:
    method: get
    uri: http://localhost:3000/locomotive/api/v3/my_account.json?auth_token=hrYx8TeGaoKr7Sm_5EcB
    body:
      encoding: US-ASCII
      string: ''
    headers:
      Accept:
      - application/json
      X-Locomotive-Account-Email:
      - admin@locomotivecms.com
      X-Locomotive-Account-Token:
      - hrYx8TeGaoKr7Sm_5EcB
      Accept-Encoding:
      - gzip;q=1.0,deflate;q=0.6,identity;q=0.3
      User-Agent:
      - Ruby
  response:
    status:
      code: 200
      message: OK
    headers:
      Content-Type:
      - application/json
      Etag:
      - W/"c5588acd1b14ead6ab02fac61bb8b0e2"
      Cache-Control:
      - max-age=0, private, must-revalidate
      X-Request-Id:
      - 5c201a69-0fe0-4817-995c-c36af1a28310
      X-Runtime:
      - '0.019197'
      Content-Length:
      - '261'
    body:
      encoding: UTF-8
      string: '{"_id":"56816a4ec36511b922000000","created_at":"2015-12-28T16:58:54Z","updated_at":"2015-12-28T16:58:54Z","name":"Admin","email":"admin@locomotivecms.com","locale":"en","api_key":"d49cd50f6f0d2b163f48fc73cb249f0244c37074","super_admin":false,"local_admin":true}'
    http_version: 
  recorded_at: Mon, 28 Dec 2015 17:00:21 GMT
recorded_with: VCR 3.0.0
