---
http_interactions:
- request:
    method: post
    uri: http://localhost:3000/locomotive/api/v3/tokens.json
    body:
      encoding: UTF-8
      string: email=john%40doe.net&password=asimplepassword
    headers:
      Accept:
      - application/json
      Content-Type:
      - application/x-www-form-urlencoded
      Accept-Encoding:
      - gzip;q=1.0,deflate;q=0.6,identity;q=0.3
      User-Agent:
      - Ruby
  response:
    status:
      code: 401
      message: Unauthorized
    headers:
      Content-Type:
      - application/json
      X-Error-Detail:
      - Invalid email or password.
      Cache-Control:
      - no-cache
      X-Request-Id:
      - 1eeb9688-e4f0-4a25-8bbb-8f79f152e003
      X-Runtime:
      - '0.019606'
      Content-Length:
      - '40'
    body:
      encoding: UTF-8
      string: '{"message":"Invalid email or password."}'
    http_version: 
  recorded_at: Fri, 04 Dec 2015 14:21:16 GMT
- request:
    method: post
    uri: http://localhost:3000/locomotive/api/v3/my_account.json
    body:
      encoding: UTF-8
      string: account%5Bemail%5D=john%40doe.net&account%5Bname%5D=John&account%5Bpassword%5D=asimplepassword
    headers:
      Accept:
      - application/json
      Content-Type:
      - application/x-www-form-urlencoded
      Accept-Encoding:
      - gzip;q=1.0,deflate;q=0.6,identity;q=0.3
      User-Agent:
      - Ruby
  response:
    status:
      code: 201
      message: Created
    headers:
      Content-Type:
      - application/json
      Etag:
      - W/"7d05e74769a4e3a32ddc19de535ace0d"
      Cache-Control:
      - max-age=0, private, must-revalidate
      X-Request-Id:
      - 14d9561a-97bf-4b9f-adad-488353d1dc13
      X-Runtime:
      - '0.070429'
      Content-Length:
      - '250'
    body:
      encoding: UTF-8
      string: '{"_id":"5661a15c87f64302c9000043","created_at":"2015-12-04T14:21:16Z","updated_at":"2015-12-04T14:21:16Z","name":"John","email":"john@doe.net","locale":"en","api_key":"bebc2256830ef12eae85623a39158267e12e49c3","super_admin":false,"local_admin":false}'
    http_version: 
  recorded_at: Fri, 04 Dec 2015 14:21:16 GMT
- request:
    method: post
    uri: http://localhost:3000/locomotive/api/v3/tokens.json
    body:
      encoding: UTF-8
      string: email=admin%40locomotivecms.com&password=locomotive
    headers:
      Accept:
      - application/json
      Content-Type:
      - application/x-www-form-urlencoded
      Accept-Encoding:
      - gzip;q=1.0,deflate;q=0.6,identity;q=0.3
      User-Agent:
      - Ruby
  response:
    status:
      code: 201
      message: Created
    headers:
      Content-Type:
      - application/json
      Etag:
      - W/"9ad33576c3616b662c8993aff5fb3c0e"
      Cache-Control:
      - max-age=0, private, must-revalidate
      X-Request-Id:
      - 03f2dcd0-5c95-4859-b556-dd95643dbc07
      X-Runtime:
      - '0.018220'
      Content-Length:
      - '32'
    body:
      encoding: UTF-8
      string: '{"token":"N-ddi-7z-19pXmkRRgq_"}'
    http_version: 
  recorded_at: Fri, 04 Dec 2015 14:21:16 GMT
- request:
    method: get
    uri: http://localhost:3000/locomotive/api/v3/my_account.json?auth_token=N-ddi-7z-19pXmkRRgq_
    body:
      encoding: US-ASCII
      string: ''
    headers:
      Accept:
      - application/json
      X-Locomotive-Account-Email:
      - admin@locomotivecms.com
      X-Locomotive-Account-Token:
      - N-ddi-7z-19pXmkRRgq_
      Accept-Encoding:
      - gzip;q=1.0,deflate;q=0.6,identity;q=0.3
      User-Agent:
      - Ruby
  response:
    status:
      code: 200
      message: OK
    headers:
      Content-Type:
      - application/json
      Etag:
      - W/"46c8dfee2ff366b7a6ec27cea9505afb"
      Cache-Control:
      - max-age=0, private, must-revalidate
      X-Request-Id:
      - b43a45a2-0e95-4f9a-8abf-39b098fc98fc
      X-Runtime:
      - '0.028692'
      Content-Length:
      - '261'
    body:
      encoding: UTF-8
      string: '{"_id":"5661a14f87f643077a000000","created_at":"2015-12-04T14:21:03Z","updated_at":"2015-12-04T14:21:03Z","name":"Admin","email":"admin@locomotivecms.com","locale":"en","api_key":"d49cd50f6f0d2b163f48fc73cb249f0244c37074","super_admin":false,"local_admin":true}'
    http_version: 
  recorded_at: Fri, 04 Dec 2015 14:21:16 GMT
- request:
    method: get
    uri: http://localhost:3000/locomotive/api/v3/my_account.json?auth_token=N-ddi-7z-19pXmkRRgq_
    body:
      encoding: US-ASCII
      string: ''
    headers:
      Accept:
      - application/json
      X-Locomotive-Account-Email:
      - admin@locomotivecms.com
      X-Locomotive-Account-Token:
      - N-ddi-7z-19pXmkRRgq_
      Accept-Encoding:
      - gzip;q=1.0,deflate;q=0.6,identity;q=0.3
      User-Agent:
      - Ruby
  response:
    status:
      code: 200
      message: OK
    headers:
      Content-Type:
      - application/json
      Etag:
      - W/"46c8dfee2ff366b7a6ec27cea9505afb"
      Cache-Control:
      - max-age=0, private, must-revalidate
      X-Request-Id:
      - a6cc68eb-4757-4dc3-a9ca-bb2652068468
      X-Runtime:
      - '0.017889'
      Content-Length:
      - '261'
    body:
      encoding: UTF-8
      string: '{"_id":"5661a14f87f643077a000000","created_at":"2015-12-04T14:21:03Z","updated_at":"2015-12-04T14:21:03Z","name":"Admin","email":"admin@locomotivecms.com","locale":"en","api_key":"d49cd50f6f0d2b163f48fc73cb249f0244c37074","super_admin":false,"local_admin":true}'
    http_version: 
  recorded_at: Fri, 04 Dec 2015 14:21:16 GMT
recorded_with: VCR 2.9.3
